// Jest Snapshot v1, https://goo.gl/fbAQLP

exports[`should resolve a query for data stemming from a playlist 1`] = `
Object {
  "data": Object {
    "playlist": Object {
      "__typename": "Playlist",
      "duration": 481,
      "id": "playlist:1",
      "items": Object {
        "__typename": "PlaylistItemConnection",
        "edges": Array [
          Object {
            "__typename": "PlaylistItemEdge",
            "node": Object {
              "__typename": "PlaylistItem",
              "id": "playlist:1:0",
              "song": Object {
                "__typename": "Song",
                "album": Object {
                  "__typename": "Album",
                  "artworkUrl": "http://is4.mzstatic.com/image/thumb/Music5/v4/08/da/96/08da9619-3f9b-7c95-60d1-6c18cfdd4dbd/source/600x600bb.jpg",
                  "duration": 211,
                  "id": "album:2",
                  "name": "I'm That (Remix)",
                  "releaseYear": 2015,
                  Symbol(id): "Album:album:2",
                },
                "artists": Array [
                  Object {
                    "__typename": "Artist",
                    "id": "artist:2",
                    "name": "R. City",
                    Symbol(id): "Artist:artist:2",
                  },
                  Object {
                    "__typename": "Artist",
                    "id": "artist:21",
                    "name": "Beenie Man",
                    Symbol(id): "Artist:artist:21",
                  },
                  Object {
                    "__typename": "Artist",
                    "id": "artist:22",
                    "name": "Azealia Banks",
                    Symbol(id): "Artist:artist:22",
                  },
                ],
                "diskNumber": 1,
                "id": "song:2:1",
                "name": "I'm That (Remix)",
                "stats": Object {
                  "__typename": "SongUserStats",
                  "id": "stats:2:1",
                  "lastPlayed": 0,
                  "liked": false,
                  "playCount": 0,
                  Symbol(id): "SongUserStats:stats:2:1",
                },
                "streamUrl": "/music/01 - I'm That... (Remix) [feat. Beenie Man & Azealia Banks].m4a",
                "trackNumber": 1,
                Symbol(id): "Song:song:2:1",
              },
              Symbol(id): "PlaylistItem:playlist:1:0",
            },
            Symbol(id): "$Playlist:playlist:1.items({\\"input\\":{\\"limit\\":10}}).edges.0",
          },
          Object {
            "__typename": "PlaylistItemEdge",
            "node": Object {
              "__typename": "PlaylistItem",
              "id": "playlist:1:1",
              "song": Object {
                "__typename": "Song",
                "album": Object {
                  "__typename": "Album",
                  "artworkUrl": "https://upload.wikimedia.org/wikipedia/en/3/3f/AceHood_Bugatti.jpg",
                  "duration": 270,
                  "id": "album:3",
                  "name": "Bugatti",
                  "releaseYear": 2013,
                  Symbol(id): "Album:album:3",
                },
                "artists": Array [
                  Object {
                    "__typename": "Artist",
                    "id": "artist:3",
                    "name": "Ace Hood",
                    Symbol(id): "Artist:artist:3",
                  },
                  Object {
                    "__typename": "Artist",
                    "id": "artist:23",
                    "name": "Rick Ross",
                    Symbol(id): "Artist:artist:23",
                  },
                  Object {
                    "__typename": "Artist",
                    "id": "artist:24",
                    "name": "Future",
                    Symbol(id): "Artist:artist:24",
                  },
                ],
                "diskNumber": 1,
                "id": "song:3:1",
                "name": "Bugatti",
                "stats": Object {
                  "__typename": "SongUserStats",
                  "id": "stats:3:1",
                  "lastPlayed": 0,
                  "liked": false,
                  "playCount": 0,
                  Symbol(id): "SongUserStats:stats:3:1",
                },
                "streamUrl": "/music/01 - Bugatti (feat. Future & Rick Ross).flac",
                "trackNumber": 1,
                Symbol(id): "Song:song:3:1",
              },
              Symbol(id): "PlaylistItem:playlist:1:1",
            },
            Symbol(id): "$Playlist:playlist:1.items({\\"input\\":{\\"limit\\":10}}).edges.1",
          },
        ],
        Symbol(id): "$Playlist:playlist:1.items({\\"input\\":{\\"limit\\":10}})",
      },
      "name": "Quick Jam Session",
      Symbol(id): "Playlist:playlist:1",
    },
    Symbol(id): "ROOT_QUERY",
  },
  "loading": false,
  "networkStatus": 7,
  "stale": false,
}
`;
